==================================== INPUT ====================================
/**
 * Copyright (c) Facebook, Inc. and its affiliates.
 *
 * This source code is licensed under the MIT license found in the
 * LICENSE file in the root directory of this source tree.
 */

blah

graphql`
    fragment Foo on ${type} {
        __typename
    }
`
==================================== OUTPUT ===================================
[
    GraphQLSource {
        text: "\n    fragment Foo on ${type} {\n        __typename\n    }\n",
        line_index: 9,
        column_index: 8,
    },
]
